Circuit: * C:\Users\dinod\Desktop\Power amplifier\Power-amplifier\Simulation\Amplifier\Output stage - HV\Draft1.asc

Warning: Multiple definitions of model "2scr375p" Type: BJT
Warning: Multiple definitions of model "bc857b" Type: BJT
Warning: Multiple definitions of model "bc847c" Type: BJT
Warning: Multiple definitions of model "bc847b" Type: BJT
WARNING: Less than two connections to node nc_01.  This node is used by l5.
Direct Newton iteration for .op point succeeded.
Note: .fourier statements are only valid with a .tran command.
      No Fourier analysis performed.


Date: Thu Jul 24 00:39:40 2025
Total elapsed time: 0.036 seconds.

tnom = 27
temp = 27
method = trap
totiter = 12
traniter = 0
tranpoints = 0
accept = 0
rejected = 0
matrix size = 59
fillins = 68
solver = Normal
Avg thread counts: 20.0/0.0/20.0/8.9
Matrix Compiler1:     464 opcodes
Matrix Compiler2: 6.45 KB object code size
