Circuit: * C:\Users\dinod\Desktop\Power amplifier\Power-amplifier\Simulation\Amplifier\Output stage - HV\Draft2.asc

Warning: Multiple definitions of model "2scr375p" Type: BJT
Warning: Multiple definitions of model "bc857b" Type: BJT
Warning: Multiple definitions of model "bc847c" Type: BJT
Warning: Multiple definitions of model "bc847b" Type: BJT
.OP point found by inspection.

Date: Fri Aug 15 23:53:49 2025
Total elapsed time: 0.087 seconds.

tnom = 27
temp = 27
method = modified trap
totiter = 7193
traniter = 7193
tranpoints = 2465
accept = 2003
rejected = 462
matrix size = 15
fillins = 0
solver = Normal
Avg thread counts: 2.0/4.0/3.6/2.0
Matrix Compiler1:      53 opcodes  0.1/[0.1]/0.1
Matrix Compiler2: off  [0.1]/0.1/0.1

