Circuit: * C:\Users\dinod\Desktop\Power amplifier\Power-amplifier\Simulation\Amplifier\Output stage - HV\V3 - THD.asc

Warning: Multiple definitions of model "2scr375p" Type: BJT
Warning: Multiple definitions of model "bc857b" Type: BJT
Warning: Multiple definitions of model "bc847c" Type: BJT
Warning: Multiple definitions of model "bc847b" Type: BJT
Instance "m:u1:4": Length shorter than recommended for a level 1 MOSFET.
Instance "m:u1:5": Length shorter than recommended for a level 1 MOSFET.
Instance "m:u1:19": Length shorter than recommended for a level 1 MOSFET.
Instance "m:u1:23": Length shorter than recommended for a level 1 MOSFET.
Instance "m:u1:57": Length shorter than recommended for a level 1 MOSFET.
Instance "m:u1:57": Width narrower than recommended for a level 1 MOSFET.
Instance "m:u1:67": Length shorter than recommended for a level 1 MOSFET.
Instance "m:u1:67": Width narrower than recommended for a level 1 MOSFET.
Instance "m:u1:68": Length shorter than recommended for a level 1 MOSFET.
Instance "m:u1:68": Width narrower than recommended for a level 1 MOSFET.
Instance "m:u1:41": Length shorter than recommended for a level 1 MOSFET.
Instance "m:u1:42": Length shorter than recommended for a level 1 MOSFET.
Instance "m:u1:43": Length shorter than recommended for a level 1 MOSFET.
Instance "m:u1:44": Length shorter than recommended for a level 1 MOSFET.
Instance "m:u1:45": Length shorter than recommended for a level 1 MOSFET.
Instance "m:u1:46": Length shorter than recommended for a level 1 MOSFET.
Instance "m:u1:58": Length shorter than recommended for a level 1 MOSFET.
Instance "m:u1:58": Width narrower than recommended for a level 1 MOSFET.
Instance "m:u1:59": Length shorter than recommended for a level 1 MOSFET.
Instance "m:u1:64": Length shorter than recommended for a level 1 MOSFET.
Instance "m:u1:65": Length shorter than recommended for a level 1 MOSFET.
Instance "m:u1:65": Width narrower than recommended for a level 1 MOSFET.
Instance "m:u1:66": Length shorter than recommended for a level 1 MOSFET.
Instance "m:u1:66": Width narrower than recommended for a level 1 MOSFET.
Direct Newton iteration failed to find .op point.  (Use ".option noopiter" to skip.)
Starting Gmin stepping
Gmin = 10
vernier = 0.5
vernier = 0.25
vernier = 0.125
Gmin = 5.841
vernier = 0.0625
vernier = 0.03125
vernier = 0.015625
vernier = 0.0078125
Gmin = 5.90776
vernier = 0.00390625
vernier = 0.00195312
vernier = 0.000976562
vernier = 0.000488281
Gmin = 5.91424
Gmin = 0
Gmin stepping failed

Starting source stepping with srcstepmethod=0
Source Step = 3.0303%
Source Step = 33.3333%
Source Step = 63.6364%
Source Step = 93.9394%
Source stepping succeeded in finding the operating point.

N-Period=100
Fourier components of V(vout)
DC component:6.46886e-05

Harmonic	Frequency	 Fourier 	Normalized	 Phase  	Normalized
 Number 	  [Hz]   	Component	 Component	[degree]	Phase [deg]
    1   	 1.000e+4	 9.995e+0	 1.000e+0	   91.64°	    0.00°
    2   	 2.000e+4	 1.067e-4	 1.067e-5	  -37.81°	 -129.44°
    3   	 3.000e+4	 1.497e-3	 1.497e-4	   32.84°	  -58.80°
    4   	 4.000e+4	 1.615e-4	 1.616e-5	  -69.55°	 -161.19°
    5   	 5.000e+4	 8.103e-4	 8.107e-5	   22.55°	  -69.09°
    6   	 6.000e+4	 1.574e-4	 1.575e-5	  -85.93°	 -177.56°
    7   	 7.000e+4	 4.329e-4	 4.331e-5	    3.60°	  -88.04°
    8   	 8.000e+4	 1.169e-4	 1.170e-5	 -100.82°	 -192.46°
    9   	 9.000e+4	 2.254e-4	 2.255e-5	  -14.24°	 -105.88°
   10   	 1.000e+5	 7.762e-5	 7.765e-6	 -116.71°	 -208.34°
   11   	 1.100e+5	 1.138e-4	 1.139e-5	  -31.15°	 -122.79°
   12   	 1.200e+5	 4.821e-5	 4.823e-6	 -132.83°	 -224.47°
   13   	 1.300e+5	 5.551e-5	 5.554e-6	  -47.91°	 -139.55°
   14   	 1.400e+5	 2.851e-5	 2.852e-6	 -148.68°	 -240.32°
   15   	 1.500e+5	 2.639e-5	 2.640e-6	  -64.39°	 -156.03°
   16   	 1.600e+5	 1.630e-5	 1.630e-6	 -164.78°	 -256.41°
   17   	 1.700e+5	 1.237e-5	 1.237e-6	  -81.42°	 -173.06°
   18   	 1.800e+5	 9.020e-6	 9.024e-7	  179.48°	   87.84°
   19   	 1.900e+5	 5.604e-6	 5.606e-7	  -96.70°	 -188.33°
   20   	 2.000e+5	 4.961e-6	 4.963e-7	  164.07°	   72.43°
Partial Harmonic Distortion: 0.018000%
Total Harmonic Distortion:   0.018360%



Date: Thu Aug 28 17:01:58 2025
Total elapsed time: 9.878 seconds.

tnom = 27
temp = 27
method = modified trap
totiter = 422853
traniter = 421049
tranpoints = 200026
accept = 200026
rejected = 0
matrix size = 255
fillins = 601
solver = Normal
Avg thread counts: 1.0/3.0/1.0/1.0
Matrix Compiler1: 37.03 KB object code size  8.0/3.2/[1.6]
Matrix Compiler2: 31.61 KB object code size  3.4/4.2/[1.2]

