Circuit: * C:\Users\dinod\Desktop\Power amplifier\Power-amplifier\Simulation\Amplifier\Output stage - HV\V3 inductance - AC.asc

Warning: Multiple definitions of model "2scr375p" Type: BJT
Warning: Multiple definitions of model "bc857b" Type: BJT
Warning: Multiple definitions of model "bc847c" Type: BJT
Warning: Multiple definitions of model "bc847b" Type: BJT
Instance "m:u1:4": Length shorter than recommended for a level 1 MOSFET.
Instance "m:u1:5": Length shorter than recommended for a level 1 MOSFET.
Instance "m:u1:19": Length shorter than recommended for a level 1 MOSFET.
Instance "m:u1:23": Length shorter than recommended for a level 1 MOSFET.
Instance "m:u1:57": Length shorter than recommended for a level 1 MOSFET.
Instance "m:u1:57": Width narrower than recommended for a level 1 MOSFET.
Instance "m:u1:67": Length shorter than recommended for a level 1 MOSFET.
Instance "m:u1:67": Width narrower than recommended for a level 1 MOSFET.
Instance "m:u1:68": Length shorter than recommended for a level 1 MOSFET.
Instance "m:u1:68": Width narrower than recommended for a level 1 MOSFET.
Instance "m:u1:41": Length shorter than recommended for a level 1 MOSFET.
Instance "m:u1:42": Length shorter than recommended for a level 1 MOSFET.
Instance "m:u1:43": Length shorter than recommended for a level 1 MOSFET.
Instance "m:u1:44": Length shorter than recommended for a level 1 MOSFET.
Instance "m:u1:45": Length shorter than recommended for a level 1 MOSFET.
Instance "m:u1:46": Length shorter than recommended for a level 1 MOSFET.
Instance "m:u1:58": Length shorter than recommended for a level 1 MOSFET.
Instance "m:u1:58": Width narrower than recommended for a level 1 MOSFET.
Instance "m:u1:59": Length shorter than recommended for a level 1 MOSFET.
Instance "m:u1:64": Length shorter than recommended for a level 1 MOSFET.
Instance "m:u1:65": Length shorter than recommended for a level 1 MOSFET.
Instance "m:u1:65": Width narrower than recommended for a level 1 MOSFET.
Instance "m:u1:66": Length shorter than recommended for a level 1 MOSFET.
Instance "m:u1:66": Width narrower than recommended for a level 1 MOSFET.
Direct Newton iteration failed to find .op point.  (Use ".option noopiter" to skip.)
Starting Gmin stepping
Gmin = 10
vernier = 0.5
vernier = 0.25
vernier = 0.125
Gmin = 5.5165
vernier = 0.0625
vernier = 0.03125
vernier = 0.015625
vernier = 0.0078125
Gmin = 5.6228
vernier = 0.00390625
vernier = 0.00195312
vernier = 0.000976562
vernier = 0.000488281
Gmin = 0
Gmin stepping failed

Starting source stepping with srcstepmethod=0
Source Step = 3.0303%
Source Step = 33.3333%
Source Step = 63.6364%
Source Step = 93.9394%
Source stepping succeeded in finding the operating point.

Note: .fourier statements are only valid with a .tran command.
      No Fourier analysis performed.


Date: Wed Jul 23 21:50:12 2025
Total elapsed time: 0.336 seconds.

tnom = 27
temp = 27
method = trap
totiter = 1830
traniter = 0
tranpoints = 0
accept = 0
rejected = 0
matrix size = 259
fillins = 570
solver = Normal
Avg thread counts: 5.0/0.0/20.0/3.8
Matrix Compiler1:    2187 opcodes
Matrix Compiler2: 30.88 KB object code size  2.4/3.9/[1.1]

