Circuit: * C:\Users\dinod\Desktop\Power amplifier\Power-amplifier\Simulation\Amplifier\Output stage - HV\V3 OFFSET - Q.asc

Warning: Multiple definitions of model "2scr375p" Type: BJT
Warning: Multiple definitions of model "bc857b" Type: BJT
Warning: Multiple definitions of model "bc847c" Type: BJT
Warning: Multiple definitions of model "bc847b" Type: BJT
Instance "m:u1:4": Length shorter than recommended for a level 1 MOSFET.
Instance "m:u1:5": Length shorter than recommended for a level 1 MOSFET.
Instance "m:u1:19": Length shorter than recommended for a level 1 MOSFET.
Instance "m:u1:23": Length shorter than recommended for a level 1 MOSFET.
Instance "m:u1:57": Length shorter than recommended for a level 1 MOSFET.
Instance "m:u1:57": Width narrower than recommended for a level 1 MOSFET.
Instance "m:u1:67": Length shorter than recommended for a level 1 MOSFET.
Instance "m:u1:67": Width narrower than recommended for a level 1 MOSFET.
Instance "m:u1:68": Length shorter than recommended for a level 1 MOSFET.
Instance "m:u1:68": Width narrower than recommended for a level 1 MOSFET.
Instance "m:u1:41": Length shorter than recommended for a level 1 MOSFET.
Instance "m:u1:42": Length shorter than recommended for a level 1 MOSFET.
Instance "m:u1:43": Length shorter than recommended for a level 1 MOSFET.
Instance "m:u1:44": Length shorter than recommended for a level 1 MOSFET.
Instance "m:u1:45": Length shorter than recommended for a level 1 MOSFET.
Instance "m:u1:46": Length shorter than recommended for a level 1 MOSFET.
Instance "m:u1:58": Length shorter than recommended for a level 1 MOSFET.
Instance "m:u1:58": Width narrower than recommended for a level 1 MOSFET.
Instance "m:u1:59": Length shorter than recommended for a level 1 MOSFET.
Instance "m:u1:64": Length shorter than recommended for a level 1 MOSFET.
Instance "m:u1:65": Length shorter than recommended for a level 1 MOSFET.
Instance "m:u1:65": Width narrower than recommended for a level 1 MOSFET.
Instance "m:u1:66": Length shorter than recommended for a level 1 MOSFET.
Instance "m:u1:66": Width narrower than recommended for a level 1 MOSFET.
Direct Newton iteration failed to find .op point.  (Use ".option noopiter" to skip.)
Starting Gmin stepping
Gmin = 10
vernier = 0.5
vernier = 0.25
vernier = 0.125
Gmin = 5.5165
vernier = 0.0625
vernier = 0.03125
vernier = 0.015625
vernier = 0.0078125
Gmin = 5.6228
vernier = 0.00390625
vernier = 0.00195312
vernier = 0.000976562
vernier = 0.000488281
Gmin = 0
Gmin stepping failed

Starting source stepping with srcstepmethod=0
Source Step = 3.0303%
Source Step = 33.3333%
Source Step = 63.6364%
Source Step = 93.9394%
Source stepping succeeded in finding the operating point.

N-Period=100
Fourier components of V(vout)
DC component:1.09021e-05

Harmonic	Frequency	 Fourier 	Normalized	 Phase  	Normalized
 Number 	  [Hz]   	Component	 Component	[degree]	Phase [deg]
    1   	 1.000e+4	 1.836e-16	 1.000e+0	  -20.72°	    0.00°
    2   	 2.000e+4	 2.980e-16	 1.623e+0	  109.10°	  129.81°
    3   	 3.000e+4	 4.465e-16	 2.432e+0	   67.10°	   87.82°
    4   	 4.000e+4	 3.400e-16	 1.852e+0	  124.54°	  145.25°
    5   	 5.000e+4	 4.194e-16	 2.284e+0	 -125.25°	 -104.53°
    6   	 6.000e+4	 7.984e-16	 4.348e+0	  169.79°	  190.50°
    7   	 7.000e+4	 4.012e-16	 2.185e+0	 -121.39°	 -100.67°
    8   	 8.000e+4	 1.133e-15	 6.171e+0	 -121.33°	 -100.61°
    9   	 9.000e+4	 1.063e-15	 5.790e+0	  -65.87°	  -45.16°
   10   	 1.000e+5	 2.475e-15	 1.348e+1	 -114.67°	  -93.95°
   11   	 1.100e+5	 1.427e-16	 7.773e-1	   88.46°	  109.18°
   12   	 1.200e+5	 1.629e-15	 8.873e+0	  105.25°	  125.96°
   13   	 1.300e+5	 2.776e-16	 1.512e+0	    7.09°	   27.81°
   14   	 1.400e+5	 2.308e-15	 1.257e+1	  -69.41°	  -48.69°
   15   	 1.500e+5	 1.263e-15	 6.877e+0	   43.46°	   64.17°
   16   	 1.600e+5	 2.815e-15	 1.533e+1	  177.68°	  198.40°
   17   	 1.700e+5	 1.877e-16	 1.022e+0	  170.48°	  191.19°
   18   	 1.800e+5	 2.719e-15	 1.480e+1	   52.18°	   72.90°
   19   	 1.900e+5	 1.843e-15	 1.003e+1	  -18.27°	    2.44°
   20   	 2.000e+5	 2.304e-15	 1.255e+1	   85.97°	  106.69°
Partial Harmonic Distortion: 3597.580711%
Total Harmonic Distortion:   185470.141302%



Date: Wed Jul 23 17:52:46 2025
Total elapsed time: 1.324 seconds.

tnom = 27
temp = 27
method = modified trap
totiter = 41854
traniter = 40034
tranpoints = 20018
accept = 20018
rejected = 0
matrix size = 250
fillins = 547
solver = Normal
Avg thread counts: 1.2/3.2/1.4/1.2
Matrix Compiler1: 33.46 KB object code size  6.8/2.6/[1.5]
Matrix Compiler2: 30.18 KB object code size  2.6/3.7/[1.1]

