Circuit: * C:\Users\dinod\Desktop\Power amplifier\Power-amplifier\Simulation\Amplifier\Output stage - HV\V3 OFFSET - POWER.asc

Warning: Multiple definitions of model "2scr375p" Type: BJT
Warning: Multiple definitions of model "bc857b" Type: BJT
Warning: Multiple definitions of model "bc847c" Type: BJT
Warning: Multiple definitions of model "bc847b" Type: BJT
Instance "m:u1:4": Length shorter than recommended for a level 1 MOSFET.
Instance "m:u1:5": Length shorter than recommended for a level 1 MOSFET.
Instance "m:u1:19": Length shorter than recommended for a level 1 MOSFET.
Instance "m:u1:23": Length shorter than recommended for a level 1 MOSFET.
Instance "m:u1:57": Length shorter than recommended for a level 1 MOSFET.
Instance "m:u1:57": Width narrower than recommended for a level 1 MOSFET.
Instance "m:u1:67": Length shorter than recommended for a level 1 MOSFET.
Instance "m:u1:67": Width narrower than recommended for a level 1 MOSFET.
Instance "m:u1:68": Length shorter than recommended for a level 1 MOSFET.
Instance "m:u1:68": Width narrower than recommended for a level 1 MOSFET.
Instance "m:u1:41": Length shorter than recommended for a level 1 MOSFET.
Instance "m:u1:42": Length shorter than recommended for a level 1 MOSFET.
Instance "m:u1:43": Length shorter than recommended for a level 1 MOSFET.
Instance "m:u1:44": Length shorter than recommended for a level 1 MOSFET.
Instance "m:u1:45": Length shorter than recommended for a level 1 MOSFET.
Instance "m:u1:46": Length shorter than recommended for a level 1 MOSFET.
Instance "m:u1:58": Length shorter than recommended for a level 1 MOSFET.
Instance "m:u1:58": Width narrower than recommended for a level 1 MOSFET.
Instance "m:u1:59": Length shorter than recommended for a level 1 MOSFET.
Instance "m:u1:64": Length shorter than recommended for a level 1 MOSFET.
Instance "m:u1:65": Length shorter than recommended for a level 1 MOSFET.
Instance "m:u1:65": Width narrower than recommended for a level 1 MOSFET.
Instance "m:u1:66": Length shorter than recommended for a level 1 MOSFET.
Instance "m:u1:66": Width narrower than recommended for a level 1 MOSFET.
Direct Newton iteration failed to find .op point.  (Use ".option noopiter" to skip.)
Starting Gmin stepping
Gmin = 10
vernier = 0.5
vernier = 0.25
vernier = 0.125
Gmin = 4.81882
vernier = 0.0625
vernier = 0.03125
vernier = 0.015625
vernier = 0.0078125
Gmin = 4.63658
vernier = 0.00390625
vernier = 0.00195312
vernier = 0.000976562
vernier = 0.000488281
Gmin = 4.62641
Gmin = 0
Gmin stepping failed

Starting source stepping with srcstepmethod=0
Source Step = 3.0303%
Source Step = 33.3333%
Source Step = 63.6364%
Source Step = 93.9394%
Source stepping succeeded in finding the operating point.

N-Period=100
Fourier components of V(vout)
DC component:-8.66357e-05

Harmonic	Frequency	 Fourier 	Normalized	 Phase  	Normalized
 Number 	  [Hz]   	Component	 Component	[degree]	Phase [deg]
    1   	 1.000e+4	 9.200e-5	 1.000e+0	 -172.80°	    0.00°
    2   	 2.000e+4	 1.420e+1	 1.544e+5	   93.46°	  266.26°
    3   	 3.000e+4	 6.747e-5	 7.334e-1	 -173.79°	   -0.99°
    4   	 4.000e+4	 6.637e-3	 7.215e+1	  -39.12°	  133.68°
    5   	 5.000e+4	 8.853e-5	 9.623e-1	  166.28°	  339.08°
    6   	 6.000e+4	 6.679e-2	 7.259e+2	   18.97°	  191.77°
    7   	 7.000e+4	 1.502e-4	 1.633e+0	 -120.63°	   52.17°
    8   	 8.000e+4	 4.353e-3	 4.732e+1	 -120.89°	   51.91°
    9   	 9.000e+4	 3.863e-5	 4.199e-1	 -147.99°	   24.81°
   10   	 1.000e+5	 2.148e-2	 2.335e+2	 -138.41°	   34.39°
   11   	 1.100e+5	 1.953e-4	 2.123e+0	 -126.52°	   46.28°
   12   	 1.200e+5	 6.138e-3	 6.672e+1	   22.64°	  195.44°
   13   	 1.300e+5	 7.957e-5	 8.649e-1	 -142.89°	   29.91°
   14   	 1.400e+5	 2.358e-2	 2.563e+2	  140.00°	  312.80°
   15   	 1.500e+5	 2.117e-4	 2.302e+0	  -94.33°	   78.47°
   16   	 1.600e+5	 4.878e-3	 5.302e+1	   -1.78°	  171.02°
   17   	 1.700e+5	 8.872e-5	 9.644e-1	 -121.21°	   51.59°
   18   	 1.800e+5	 1.960e-2	 2.131e+2	  156.06°	  328.86°
   19   	 1.900e+5	 2.547e-4	 2.768e+0	  -72.46°	  100.34°
   20   	 2.000e+5	 7.579e-3	 8.238e+1	   35.57°	  208.37°
Partial Harmonic Distortion: 15436635.008230%
Total Harmonic Distortion:   15436670.402464%



Date: Thu Aug 28 17:18:27 2025
Total elapsed time: 1.871 seconds.

tnom = 27
temp = 27
method = modified trap
totiter = 76143
traniter = 74322
tranpoints = 24891
accept = 22096
rejected = 2795
matrix size = 255
fillins = 631
solver = Normal
Avg thread counts: 1.1/3.2/1.3/1.1
Matrix Compiler1: 39.93 KB object code size  7.8/2.9/[1.6]
Matrix Compiler2: 32.07 KB object code size  3.5/4.4/[1.2]

